[
  {
    "version": "0.12.3",
    "sha1": "UdKKJ9kZzoaQpA9PM1udWRzrFuk="
  },
  {
    "version": "0.13.0",
    "sha1": "WW2R5nYxsN6wX7aF2NG2c18+T2A="
  },
  {
    "version": "1.4.0-lite",
    "sha1": "BUerA3Bor6ICaSW9lL+5/Pzsl2E="
  },
  {
    "version": "1.4.0",
    "sha1": "ojY2RqndBZVWM7RQAQtZohr4pCM="
  }
]